mode: set
github.com/MimoJanra/confkit/structtags/tagutil.go:8.33,11.26 3 1
github.com/MimoJanra/confkit/structtags/tagutil.go:11.26,12.36 1 1
github.com/MimoJanra/confkit/structtags/tagutil.go:12.36,14.34 2 1
github.com/MimoJanra/confkit/structtags/tagutil.go:14.34,16.5 1 1
github.com/MimoJanra/confkit/structtags/tagutil.go:16.10,16.61 1 1
github.com/MimoJanra/confkit/structtags/tagutil.go:16.61,18.35 2 1
github.com/MimoJanra/confkit/structtags/tagutil.go:18.35,20.6 1 1
github.com/MimoJanra/confkit/structtags/tagutil.go:23.3,23.22 1 1
github.com/MimoJanra/confkit/structtags/tagutil.go:25.2,25.41 1 1
github.com/MimoJanra/confkit/structtags/tagutil.go:28.43,30.2 1 1
github.com/MimoJanra/confkit/structtags/tagutil.go:32.63,34.141 2 1
github.com/MimoJanra/confkit/structtags/tagutil.go:34.141,35.38 1 1
github.com/MimoJanra/confkit/structtags/tagutil.go:35.38,36.58 1 1
github.com/MimoJanra/confkit/structtags/tagutil.go:36.58,38.5 1 1
github.com/MimoJanra/confkit/structtags/tagutil.go:39.4,39.22 1 1
github.com/MimoJanra/confkit/structtags/tagutil.go:42.2,42.15 1 1
github.com/MimoJanra/confkit/schema/schema.go:33.47,37.35 3 1
github.com/MimoJanra/confkit/schema/schema.go:37.35,39.3 1 0
github.com/MimoJanra/confkit/schema/schema.go:40.2,40.38 1 1
github.com/MimoJanra/confkit/schema/schema.go:40.38,42.3 1 1
github.com/MimoJanra/confkit/schema/schema.go:44.2,50.47 2 1
github.com/MimoJanra/confkit/schema/schema.go:50.47,52.3 1 0
github.com/MimoJanra/confkit/schema/schema.go:54.2,54.26 1 1
github.com/MimoJanra/confkit/schema/schema.go:54.26,56.3 1 1
github.com/MimoJanra/confkit/schema/schema.go:58.2,58.15 1 1
github.com/MimoJanra/confkit/schema/schema.go:61.50,63.16 2 1
github.com/MimoJanra/confkit/schema/schema.go:63.16,65.3 1 0
github.com/MimoJanra/confkit/schema/schema.go:66.2,66.40 1 1
github.com/MimoJanra/confkit/schema/schema.go:69.57,70.38 1 1
github.com/MimoJanra/confkit/schema/schema.go:70.38,72.26 2 1
github.com/MimoJanra/confkit/schema/schema.go:72.26,73.12 1 0
github.com/MimoJanra/confkit/schema/schema.go:76.3,78.21 3 1
github.com/MimoJanra/confkit/schema/schema.go:78.21,79.12 1 0
github.com/MimoJanra/confkit/schema/schema.go:82.3,84.38 3 1
github.com/MimoJanra/confkit/schema/schema.go:84.38,86.4 1 0
github.com/MimoJanra/confkit/schema/schema.go:88.3,88.42 1 1
github.com/MimoJanra/confkit/schema/schema.go:88.42,90.4 1 1
github.com/MimoJanra/confkit/schema/schema.go:90.9,90.48 1 1
github.com/MimoJanra/confkit/schema/schema.go:90.48,93.61 3 1
github.com/MimoJanra/confkit/schema/schema.go:93.61,95.5 1 0
github.com/MimoJanra/confkit/schema/schema.go:96.9,96.47 1 1
github.com/MimoJanra/confkit/schema/schema.go:96.47,99.38 3 1
github.com/MimoJanra/confkit/schema/schema.go:99.38,101.5 1 0
github.com/MimoJanra/confkit/schema/schema.go:102.4,102.62 1 1
github.com/MimoJanra/confkit/schema/schema.go:103.9,105.4 1 1
github.com/MimoJanra/confkit/schema/schema.go:107.3,107.39 1 1
github.com/MimoJanra/confkit/schema/schema.go:107.39,109.4 1 1
github.com/MimoJanra/confkit/schema/schema.go:110.3,110.40 1 1
github.com/MimoJanra/confkit/schema/schema.go:110.40,112.4 1 1
github.com/MimoJanra/confkit/schema/schema.go:113.3,113.31 1 1
github.com/MimoJanra/confkit/schema/schema.go:113.31,115.4 1 1
github.com/MimoJanra/confkit/schema/schema.go:116.3,116.42 1 1
github.com/MimoJanra/confkit/schema/schema.go:116.42,118.4 1 1
github.com/MimoJanra/confkit/schema/schema.go:119.3,119.31 1 1
github.com/MimoJanra/confkit/schema/schema.go:119.31,121.4 1 1
github.com/MimoJanra/confkit/schema/schema.go:122.3,122.29 1 1
github.com/MimoJanra/confkit/schema/schema.go:122.29,124.4 1 1
github.com/MimoJanra/confkit/schema/schema.go:126.3,126.44 1 1
github.com/MimoJanra/confkit/schema/schema.go:129.2,129.12 1 1
github.com/MimoJanra/confkit/schema/schema.go:132.67,133.55 1 1
github.com/MimoJanra/confkit/schema/schema.go:133.55,134.36 1 1
github.com/MimoJanra/confkit/schema/schema.go:134.36,136.4 1 1
github.com/MimoJanra/confkit/schema/schema.go:138.2,138.40 1 1
github.com/MimoJanra/confkit/schema/schema.go:141.45,142.34 1 1
github.com/MimoJanra/confkit/schema/schema.go:142.34,143.84 1 0
github.com/MimoJanra/confkit/schema/schema.go:143.84,145.4 1 0
github.com/MimoJanra/confkit/schema/schema.go:146.3,146.18 1 0
github.com/MimoJanra/confkit/schema/schema.go:148.2,148.20 1 1
github.com/MimoJanra/confkit/schema/schema.go:149.22,150.18 1 1
github.com/MimoJanra/confkit/schema/schema.go:151.20,152.19 1 1
github.com/MimoJanra/confkit/schema/schema.go:154.79,155.19 1 1
github.com/MimoJanra/confkit/schema/schema.go:156.40,157.18 1 1
github.com/MimoJanra/confkit/schema/schema.go:158.21,159.17 1 0
github.com/MimoJanra/confkit/schema/schema.go:160.10,161.18 1 0
github.com/MimoJanra/confkit/schema/schema.go:165.110,169.57 3 1
github.com/MimoJanra/confkit/schema/schema.go:169.57,174.34 4 1
github.com/MimoJanra/confkit/schema/schema.go:174.34,175.41 1 1
github.com/MimoJanra/confkit/schema/schema.go:175.41,178.78 3 1
github.com/MimoJanra/confkit/schema/schema.go:178.78,180.11 2 0
github.com/MimoJanra/confkit/schema/schema.go:185.3,185.50 1 1
github.com/MimoJanra/confkit/schema/schema.go:185.50,187.4 1 1
github.com/MimoJanra/confkit/schema/schema.go:187.9,187.24 1 0
github.com/MimoJanra/confkit/schema/schema.go:187.24,190.55 3 0
github.com/MimoJanra/confkit/schema/schema.go:190.55,192.5 1 0
github.com/MimoJanra/confkit/schema/schema.go:192.10,194.5 1 0
github.com/MimoJanra/confkit/schema/schema.go:195.9,196.35 1 0
github.com/MimoJanra/confkit/schema/schema.go:196.35,197.23 1 0
github.com/MimoJanra/confkit/schema/schema.go:197.23,199.106 2 0
github.com/MimoJanra/confkit/schema/schema.go:199.106,201.12 2 0
github.com/MimoJanra/confkit/schema/schema.go:205.4,205.18 1 0
github.com/MimoJanra/confkit/schema/schema.go:205.18,208.21 3 0
github.com/MimoJanra/confkit/schema/schema.go:208.21,210.6 1 0
github.com/MimoJanra/confkit/schema/schema.go:210.11,212.6 1 0
github.com/MimoJanra/confkit/schema/schema.go:213.10,215.5 1 0
github.com/MimoJanra/confkit/schema/schema.go:218.3,218.36 1 1
github.com/MimoJanra/confkit/schema/schema.go:218.36,220.4 1 1
github.com/MimoJanra/confkit/schema/schema.go:221.8,223.3 1 1
github.com/MimoJanra/confkit/schema/schema.go:225.2,225.29 1 1
github.com/MimoJanra/confkit/schema/schema.go:225.29,227.17 2 1
github.com/MimoJanra/confkit/schema/schema.go:227.17,228.12 1 0
github.com/MimoJanra/confkit/schema/schema.go:230.3,230.25 1 1
github.com/MimoJanra/confkit/schema/schema.go:230.25,232.12 2 1
github.com/MimoJanra/confkit/schema/schema.go:234.3,235.22 2 1
github.com/MimoJanra/confkit/schema/schema.go:235.22,236.12 1 0
github.com/MimoJanra/confkit/schema/schema.go:238.3,239.15 2 1
github.com/MimoJanra/confkit/schema/schema.go:240.14,241.47 1 1
github.com/MimoJanra/confkit/schema/schema.go:241.47,242.27 1 1
github.com/MimoJanra/confkit/schema/schema.go:242.27,244.6 1 1
github.com/MimoJanra/confkit/schema/schema.go:244.11,244.44 1 1
github.com/MimoJanra/confkit/schema/schema.go:244.44,246.6 1 1
github.com/MimoJanra/confkit/schema/schema.go:248.14,249.47 1 1
github.com/MimoJanra/confkit/schema/schema.go:249.47,250.27 1 1
github.com/MimoJanra/confkit/schema/schema.go:250.27,252.6 1 1
github.com/MimoJanra/confkit/schema/schema.go:252.11,252.44 1 1
github.com/MimoJanra/confkit/schema/schema.go:252.44,254.6 1 1
github.com/MimoJanra/confkit/schema/schema.go:256.18,257.19 1 1
github.com/MimoJanra/confkit/schema/schema.go:261.2,261.22 1 1
github.com/MimoJanra/confkit/schema/schema.go:261.22,262.52 1 1
github.com/MimoJanra/confkit/schema/schema.go:262.52,263.41 1 1
github.com/MimoJanra/confkit/schema/schema.go:263.41,265.5 1 1
github.com/MimoJanra/confkit/schema/schema.go:270.43,271.20 1 1
github.com/MimoJanra/confkit/schema/schema.go:274.36,275.14 1 1
github.com/MimoJanra/confkit/schema/schema.go:276.10,277.15 1 1
github.com/MimoJanra/confkit/schema/schema.go:281.69,282.20 1 1
github.com/MimoJanra/confkit/schema/schema.go:283.22,284.16 1 1
github.com/MimoJanra/confkit/schema/schema.go:285.20,286.62 1 1
github.com/MimoJanra/confkit/schema/schema.go:287.78,288.63 1 1
github.com/MimoJanra/confkit/schema/schema.go:288.63,290.4 1 1
github.com/MimoJanra/confkit/schema/schema.go:291.83,292.64 1 1
github.com/MimoJanra/confkit/schema/schema.go:292.64,294.4 1 1
github.com/MimoJanra/confkit/schema/schema.go:295.40,296.61 1 1
github.com/MimoJanra/confkit/schema/schema.go:296.61,298.4 1 1
github.com/MimoJanra/confkit/schema/schema.go:300.2,300.15 1 1
github.com/MimoJanra/confkit/schema/schema.go:303.48,305.16 2 1
github.com/MimoJanra/confkit/schema/schema.go:305.16,307.3 1 0
github.com/MimoJanra/confkit/schema/schema.go:309.2,314.25 6 1
github.com/MimoJanra/confkit/schema/schema.go:317.90,319.23 2 1
github.com/MimoJanra/confkit/schema/schema.go:319.23,321.3 1 1
github.com/MimoJanra/confkit/schema/schema.go:322.2,324.32 2 1
github.com/MimoJanra/confkit/schema/schema.go:324.32,327.19 3 1
github.com/MimoJanra/confkit/schema/schema.go:327.19,329.4 1 1
github.com/MimoJanra/confkit/schema/schema.go:330.3,337.54 2 1
github.com/MimoJanra/confkit/schema/schema.go:337.54,339.4 1 1
github.com/MimoJanra/confkit/schema/schema.go:343.47,345.16 2 1
github.com/MimoJanra/confkit/schema/schema.go:345.16,347.3 1 0
github.com/MimoJanra/confkit/schema/schema.go:349.2,352.25 4 1
github.com/MimoJanra/confkit/schema/schema.go:355.105,357.23 2 1
github.com/MimoJanra/confkit/schema/schema.go:357.23,359.3 1 1
github.com/MimoJanra/confkit/schema/schema.go:360.2,362.32 2 1
github.com/MimoJanra/confkit/schema/schema.go:362.32,364.18 2 1
github.com/MimoJanra/confkit/schema/schema.go:364.18,365.12 1 1
github.com/MimoJanra/confkit/schema/schema.go:368.3,370.19 3 1
github.com/MimoJanra/confkit/schema/schema.go:370.19,372.4 1 1
github.com/MimoJanra/confkit/schema/schema.go:374.3,374.54 1 1
github.com/MimoJanra/confkit/schema/schema.go:374.54,376.12 2 1
github.com/MimoJanra/confkit/schema/schema.go:379.3,380.23 2 1
github.com/MimoJanra/confkit/schema/schema.go:380.23,382.4 1 1
github.com/MimoJanra/confkit/schema/schema.go:382.9,384.4 1 1
github.com/MimoJanra/confkit/schema/schema.go:386.3,386.20 1 1
github.com/MimoJanra/confkit/schema/schema.go:387.17,388.20 1 1
github.com/MimoJanra/confkit/schema/schema.go:389.18,390.21 1 1
github.com/MimoJanra/confkit/schema/schema.go:391.17,392.20 1 0
github.com/MimoJanra/confkit/schema/schema.go:393.18,394.19 1 1
github.com/MimoJanra/confkit/schema/schema.go:397.3,397.29 1 1
github.com/MimoJanra/confkit/schema/schema.go:397.29,399.4 1 1
github.com/MimoJanra/confkit/schema/schema.go:401.3,402.44 2 1
github.com/MimoJanra/confkit/schema/schema.go:402.44,404.27 2 1
github.com/MimoJanra/confkit/schema/schema.go:404.27,406.5 1 1
github.com/MimoJanra/confkit/schema/schema.go:407.4,407.27 1 1
github.com/MimoJanra/confkit/schema/schema.go:407.27,409.5 1 1
github.com/MimoJanra/confkit/schema/schema.go:410.4,410.27 1 1
github.com/MimoJanra/confkit/schema/schema.go:410.27,412.5 1 1
github.com/MimoJanra/confkit/schema/schema.go:413.4,413.29 1 1
github.com/MimoJanra/confkit/schema/schema.go:413.29,415.5 1 1
github.com/MimoJanra/confkit/schema/schema.go:416.4,416.29 1 1
github.com/MimoJanra/confkit/schema/schema.go:416.29,418.5 1 1
github.com/MimoJanra/confkit/schema/schema.go:419.4,419.50 1 1
github.com/MimoJanra/confkit/schema/schema.go:422.3,422.32 1 1
github.com/MimoJanra/confkit/schema/schema.go:422.32,423.23 1 1
github.com/MimoJanra/confkit/schema/schema.go:423.23,425.10 2 1
github.com/MimoJanra/confkit/schema/schema.go:429.3,429.30 1 1
github.com/MimoJanra/confkit/schema/schema.go:433.48,434.20 1 1
github.com/MimoJanra/confkit/schema/schema.go:435.17,436.15 1 1
github.com/MimoJanra/confkit/schema/schema.go:437.16,438.17 1 1
github.com/MimoJanra/confkit/schema/schema.go:439.10,440.20 1 1
github.com/MimoJanra/confkit/schema/schema.go:444.49,445.16 1 1
github.com/MimoJanra/confkit/schema/schema.go:445.16,447.3 1 1
github.com/MimoJanra/confkit/schema/schema.go:448.2,448.31 1 1
github.com/MimoJanra/confkit/schema/schema.go:451.41,453.22 2 1
github.com/MimoJanra/confkit/schema/schema.go:453.22,455.3 1 1
github.com/MimoJanra/confkit/schema/schema.go:456.2,456.22 1 1
github.com/MimoJanra/confkit/schema/schema.go:456.22,458.3 1 1
github.com/MimoJanra/confkit/schema/schema.go:459.2,459.24 1 1
github.com/MimoJanra/confkit/schema/schema.go:459.24,461.3 1 1
github.com/MimoJanra/confkit/schema/schema.go:462.2,462.24 1 1
github.com/MimoJanra/confkit/schema/schema.go:462.24,464.3 1 1
github.com/MimoJanra/confkit/schema/schema.go:465.2,465.21 1 1
github.com/MimoJanra/confkit/schema/schema.go:465.21,467.28 2 0
github.com/MimoJanra/confkit/schema/schema.go:467.28,469.4 1 0
github.com/MimoJanra/confkit/schema/schema.go:470.3,470.58 1 0
github.com/MimoJanra/confkit/schema/schema.go:472.2,472.21 1 1
github.com/MimoJanra/confkit/schema/schema.go:472.21,474.3 1 1
github.com/MimoJanra/confkit/schema/schema.go:475.2,475.14 1 1
github.com/MimoJanra/confkit/schema/schema.go:475.14,477.3 1 0
github.com/MimoJanra/confkit/schema/schema.go:478.2,478.21 1 1
github.com/MimoJanra/confkit/schema/schema.go:478.21,480.3 1 1
github.com/MimoJanra/confkit/schema/schema.go:481.2,481.34 1 1
github.com/MimoJanra/confkit/examples/cli_tool_example.go:62.29,68.16 2 0
github.com/MimoJanra/confkit/examples/cli_tool_example.go:68.16,70.3 1 0
github.com/MimoJanra/confkit/examples/cli_tool_example.go:72.2,78.25 6 0
github.com/MimoJanra/confkit/examples/cli_tool_example.go:78.25,80.3 1 0
github.com/MimoJanra/confkit/examples/cli_tool_example.go:82.2,82.12 1 0
github.com/MimoJanra/confkit/examples/cloud_native_example.go:102.33,126.16 2 0
github.com/MimoJanra/confkit/examples/cloud_native_example.go:126.16,128.3 1 0
github.com/MimoJanra/confkit/examples/cloud_native_example.go:130.2,138.12 8 0
github.com/MimoJanra/confkit/examples/full_setup_example.go:26.13,30.62 1 0
github.com/MimoJanra/confkit/examples/full_setup_example.go:30.62,31.34 1 0
github.com/MimoJanra/confkit/examples/full_setup_example.go:31.34,33.16 2 0
github.com/MimoJanra/confkit/examples/full_setup_example.go:33.16,35.6 1 0
github.com/MimoJanra/confkit/examples/full_setup_example.go:36.5,36.25 1 0
github.com/MimoJanra/confkit/examples/full_setup_example.go:36.25,38.6 1 0
github.com/MimoJanra/confkit/examples/full_setup_example.go:40.4,40.14 1 0
github.com/MimoJanra/confkit/examples/full_setup_example.go:43.2,43.16 1 0
github.com/MimoJanra/confkit/examples/full_setup_example.go:43.16,45.3 1 0
github.com/MimoJanra/confkit/examples/full_setup_example.go:47.2,52.16 4 0
github.com/MimoJanra/confkit/examples/full_setup_example.go:52.16,54.3 1 0
github.com/MimoJanra/confkit/examples/full_setup_example.go:56.2,57.16 2 0
github.com/MimoJanra/confkit/examples/full_setup_example.go:57.16,59.3 1 0
github.com/MimoJanra/confkit/examples/full_setup_example.go:61.2,67.16 5 0
github.com/MimoJanra/confkit/examples/full_setup_example.go:67.16,69.3 1 0
github.com/MimoJanra/confkit/examples/full_setup_example.go:71.2,77.16 5 0
github.com/MimoJanra/confkit/examples/full_setup_example.go:77.16,79.3 1 0
github.com/MimoJanra/confkit/examples/full_setup_example.go:81.2,82.19 2 0
github.com/MimoJanra/confkit/examples/full_setup_example.go:85.36,87.18 1 0
github.com/MimoJanra/confkit/examples/full_setup_example.go:87.18,89.3 1 0
github.com/MimoJanra/confkit/examples/full_setup_example.go:90.2,90.44 1 0
github.com/MimoJanra/confkit/examples/full_setup_example.go:90.44,92.3 1 0
github.com/MimoJanra/confkit/examples/full_setup_example.go:93.2,93.41 1 0
github.com/MimoJanra/confkit/examples/full_setup_example.go:93.41,95.3 1 0
github.com/MimoJanra/confkit/examples/full_setup_example.go:96.2,96.43 1 0
github.com/MimoJanra/confkit/examples/full_setup_example.go:96.43,98.3 1 0
github.com/MimoJanra/confkit/examples/full_setup_example.go:99.2,99.42 1 0
github.com/MimoJanra/confkit/examples/full_setup_example.go:99.42,101.3 1 0
github.com/MimoJanra/confkit/examples/full_setup_example.go:102.2,102.14 1 0
github.com/MimoJanra/confkit/examples/microservice_example.go:88.34,94.16 2 0
github.com/MimoJanra/confkit/examples/microservice_example.go:94.16,96.3 1 0
github.com/MimoJanra/confkit/examples/microservice_example.go:98.2,106.12 8 0
github.com/MimoJanra/confkit/examples/web_service_example.go:56.32,62.16 2 0
github.com/MimoJanra/confkit/examples/web_service_example.go:62.16,64.3 1 0
github.com/MimoJanra/confkit/examples/web_service_example.go:67.2,73.12 6 0
github.com/MimoJanra/confkit/discovery.go:13.49,19.47 2 1
github.com/MimoJanra/confkit/discovery.go:19.47,21.3 1 1
github.com/MimoJanra/confkit/discovery.go:22.2,22.13 1 1
github.com/MimoJanra/confkit/discovery.go:28.59,31.27 2 1
github.com/MimoJanra/confkit/discovery.go:31.27,32.13 1 1
github.com/MimoJanra/confkit/discovery.go:32.13,34.40 2 1
github.com/MimoJanra/confkit/discovery.go:34.40,36.5 1 1
github.com/MimoJanra/confkit/discovery.go:37.9,38.60 1 1
github.com/MimoJanra/confkit/discovery.go:38.60,40.41 2 1
github.com/MimoJanra/confkit/discovery.go:40.41,42.6 1 1
github.com/MimoJanra/confkit/discovery.go:46.2,46.18 1 1
github.com/MimoJanra/confkit/discovery.go:51.53,53.9 2 1
github.com/MimoJanra/confkit/discovery.go:53.9,55.3 1 1
github.com/MimoJanra/confkit/discovery.go:56.2,56.28 1 1
github.com/MimoJanra/confkit/discovery.go:57.15,58.24 1 0
github.com/MimoJanra/confkit/discovery.go:59.15,60.24 1 0
github.com/MimoJanra/confkit/discovery.go:61.10,62.24 1 1
github.com/MimoJanra/confkit/dump.go:27.46,28.30 1 1
github.com/MimoJanra/confkit/dump.go:28.30,28.46 1 1
github.com/MimoJanra/confkit/dump.go:31.52,32.30 1 1
github.com/MimoJanra/confkit/dump.go:32.30,32.57 1 1
github.com/MimoJanra/confkit/dump.go:35.61,37.27 2 1
github.com/MimoJanra/confkit/dump.go:37.27,39.3 1 1
github.com/MimoJanra/confkit/dump.go:40.2,41.28 2 1
github.com/MimoJanra/confkit/dump.go:41.28,43.3 1 1
github.com/MimoJanra/confkit/dump.go:44.2,44.40 1 1
github.com/MimoJanra/confkit/dump.go:47.58,49.16 2 1
github.com/MimoJanra/confkit/dump.go:49.16,51.3 1 0
github.com/MimoJanra/confkit/dump.go:52.2,52.18 1 1
github.com/MimoJanra/confkit/dump.go:55.65,60.2 4 1
github.com/MimoJanra/confkit/dump.go:62.64,63.30 1 1
github.com/MimoJanra/confkit/dump.go:63.30,64.16 1 0
github.com/MimoJanra/confkit/dump.go:64.16,66.4 1 0
github.com/MimoJanra/confkit/dump.go:67.3,67.15 1 0
github.com/MimoJanra/confkit/dump.go:69.2,69.32 1 1
github.com/MimoJanra/confkit/dump.go:69.32,71.3 1 0
github.com/MimoJanra/confkit/dump.go:73.2,76.36 3 1
github.com/MimoJanra/confkit/dump.go:76.36,78.26 2 1
github.com/MimoJanra/confkit/dump.go:78.26,79.12 1 0
github.com/MimoJanra/confkit/dump.go:81.3,83.61 3 1
github.com/MimoJanra/confkit/dump.go:85.2,85.15 1 1
github.com/MimoJanra/confkit/dump.go:88.66,89.31 1 1
github.com/MimoJanra/confkit/dump.go:89.31,90.17 1 0
github.com/MimoJanra/confkit/dump.go:90.17,92.4 1 0
github.com/MimoJanra/confkit/dump.go:93.3,93.17 1 0
github.com/MimoJanra/confkit/dump.go:95.2,95.73 1 1
github.com/MimoJanra/confkit/dump.go:95.73,96.25 1 1
github.com/MimoJanra/confkit/dump.go:96.25,98.4 1 0
github.com/MimoJanra/confkit/dump.go:99.3,99.34 1 1
github.com/MimoJanra/confkit/dump.go:101.2,101.24 1 1
github.com/MimoJanra/confkit/dump.go:101.24,103.3 1 1
github.com/MimoJanra/confkit/dump.go:104.2,104.23 1 1
github.com/MimoJanra/confkit/dump.go:107.53,108.55 1 1
github.com/MimoJanra/confkit/dump.go:108.55,109.39 1 1
github.com/MimoJanra/confkit/dump.go:109.39,111.4 1 1
github.com/MimoJanra/confkit/dump.go:113.2,113.41 1 0
github.com/MimoJanra/confkit/env_source.go:9.23,11.2 1 1
github.com/MimoJanra/confkit/env_source.go:15.35,17.2 1 1
github.com/MimoJanra/confkit/env_source.go:19.84,21.19 2 1
github.com/MimoJanra/confkit/env_source.go:21.19,23.3 1 1
github.com/MimoJanra/confkit/env_source.go:25.2,26.40 2 1
github.com/MimoJanra/confkit/env_source.go:26.40,28.3 1 1
github.com/MimoJanra/confkit/env_source.go:29.2,32.23 3 1
github.com/MimoJanra/confkit/env_source.go:35.62,37.36 2 1
github.com/MimoJanra/confkit/env_source.go:37.36,38.35 1 1
github.com/MimoJanra/confkit/env_source.go:38.35,40.4 1 1
github.com/MimoJanra/confkit/env_source.go:42.2,42.35 1 1
github.com/MimoJanra/confkit/env_source.go:49.37,51.2 1 1
github.com/MimoJanra/confkit/env_source.go:53.82,55.2 1 1
github.com/MimoJanra/confkit/env_source.go:57.39,59.2 1 1
github.com/MimoJanra/confkit/errors.go:27.39,29.2 1 1
github.com/MimoJanra/confkit/errors.go:31.41,33.31 2 1
github.com/MimoJanra/confkit/errors.go:33.31,35.3 1 1
github.com/MimoJanra/confkit/errors.go:36.2,36.13 1 1
github.com/MimoJanra/confkit/errors.go:43.43,45.2 1 1
github.com/MimoJanra/confkit/errors.go:47.40,48.25 1 1
github.com/MimoJanra/confkit/errors.go:48.25,50.3 1 0
github.com/MimoJanra/confkit/errors.go:52.2,55.32 3 1
github.com/MimoJanra/confkit/errors.go:55.32,60.23 4 1
github.com/MimoJanra/confkit/errors.go:60.23,64.4 3 1
github.com/MimoJanra/confkit/errors.go:66.3,70.22 4 1
github.com/MimoJanra/confkit/errors.go:70.22,72.18 2 1
github.com/MimoJanra/confkit/errors.go:72.18,74.5 1 1
github.com/MimoJanra/confkit/errors.go:74.10,76.5 1 0
github.com/MimoJanra/confkit/errors.go:77.4,77.24 1 1
github.com/MimoJanra/confkit/errors.go:81.2,81.20 1 1
github.com/MimoJanra/confkit/errors.go:84.32,85.16 1 1
github.com/MimoJanra/confkit/errors.go:85.16,87.3 1 1
github.com/MimoJanra/confkit/errors.go:88.2,88.42 1 1
github.com/MimoJanra/confkit/errors.go:88.42,90.3 1 1
github.com/MimoJanra/confkit/errors.go:91.2,91.20 1 1
github.com/MimoJanra/confkit/errors.go:94.48,96.2 1 1
github.com/MimoJanra/confkit/errors.go:98.39,100.2 1 1
github.com/MimoJanra/confkit/errors.go:102.49,103.25 1 1
github.com/MimoJanra/confkit/errors.go:103.25,105.3 1 1
github.com/MimoJanra/confkit/errors.go:106.2,106.22 1 1
github.com/MimoJanra/confkit/fieldinfo.go:21.36,23.31 2 1
github.com/MimoJanra/confkit/fieldinfo.go:23.31,25.3 1 1
github.com/MimoJanra/confkit/fieldinfo.go:26.2,26.54 1 1
github.com/MimoJanra/confkit/fieldinfo.go:29.64,30.38 1 1
github.com/MimoJanra/confkit/fieldinfo.go:30.38,33.26 3 1
github.com/MimoJanra/confkit/fieldinfo.go:33.26,34.12 1 0
github.com/MimoJanra/confkit/fieldinfo.go:36.3,36.58 1 1
github.com/MimoJanra/confkit/fieldinfo.go:36.58,38.80 2 0
github.com/MimoJanra/confkit/fieldinfo.go:38.80,39.25 1 0
github.com/MimoJanra/confkit/fieldinfo.go:39.25,41.6 1 0
github.com/MimoJanra/confkit/fieldinfo.go:42.5,42.52 1 0
github.com/MimoJanra/confkit/fieldinfo.go:44.9,44.90 1 1
github.com/MimoJanra/confkit/fieldinfo.go:44.90,46.4 1 1
github.com/MimoJanra/confkit/fieldinfo.go:50.128,53.38 2 1
github.com/MimoJanra/confkit/fieldinfo.go:53.38,57.26 3 1
github.com/MimoJanra/confkit/fieldinfo.go:57.26,58.12 1 0
github.com/MimoJanra/confkit/fieldinfo.go:61.3,62.38 2 1
github.com/MimoJanra/confkit/fieldinfo.go:62.38,64.4 1 1
github.com/MimoJanra/confkit/fieldinfo.go:66.3,66.100 1 1
github.com/MimoJanra/confkit/fieldinfo.go:66.100,67.38 1 1
github.com/MimoJanra/confkit/fieldinfo.go:67.38,68.25 1 0
github.com/MimoJanra/confkit/fieldinfo.go:68.25,70.6 1 0
github.com/MimoJanra/confkit/fieldinfo.go:71.5,71.31 1 0
github.com/MimoJanra/confkit/fieldinfo.go:73.4,74.12 2 1
github.com/MimoJanra/confkit/fieldinfo.go:77.3,79.23 3 1
github.com/MimoJanra/confkit/fieldinfo.go:79.23,81.4 1 1
github.com/MimoJanra/confkit/fieldinfo.go:83.3,96.81 3 1
github.com/MimoJanra/confkit/fieldinfo.go:96.81,98.58 2 1
github.com/MimoJanra/confkit/fieldinfo.go:98.58,100.5 1 0
github.com/MimoJanra/confkit/fieldinfo.go:101.4,101.38 1 1
github.com/MimoJanra/confkit/fieldinfo.go:101.38,103.5 1 0
github.com/MimoJanra/confkit/fieldinfo.go:104.4,108.12 5 1
github.com/MimoJanra/confkit/fieldinfo.go:111.3,111.32 1 1
github.com/MimoJanra/confkit/fieldinfo.go:114.2,114.15 1 1
github.com/MimoJanra/confkit/file_sources.go:22.44,23.77 1 1
github.com/MimoJanra/confkit/file_sources.go:23.77,26.3 2 1
github.com/MimoJanra/confkit/file_sources.go:27.2,27.16 1 1
github.com/MimoJanra/confkit/file_sources.go:27.16,29.3 1 1
github.com/MimoJanra/confkit/file_sources.go:30.2,30.53 1 1
github.com/MimoJanra/confkit/file_sources.go:33.44,34.77 1 1
github.com/MimoJanra/confkit/file_sources.go:34.77,37.3 2 1
github.com/MimoJanra/confkit/file_sources.go:38.2,38.16 1 1
github.com/MimoJanra/confkit/file_sources.go:38.16,40.3 1 1
github.com/MimoJanra/confkit/file_sources.go:41.2,41.53 1 1
github.com/MimoJanra/confkit/file_sources.go:44.44,45.77 1 1
github.com/MimoJanra/confkit/file_sources.go:45.77,48.3 2 1
github.com/MimoJanra/confkit/file_sources.go:49.2,49.16 1 1
github.com/MimoJanra/confkit/file_sources.go:49.16,51.3 1 1
github.com/MimoJanra/confkit/file_sources.go:52.2,52.53 1 1
github.com/MimoJanra/confkit/file_sources.go:58.47,61.2 2 1
github.com/MimoJanra/confkit/file_sources.go:66.50,68.9 2 1
github.com/MimoJanra/confkit/file_sources.go:68.9,70.3 1 1
github.com/MimoJanra/confkit/file_sources.go:71.2,72.48 2 1
github.com/MimoJanra/confkit/file_sources.go:72.48,74.3 1 1
github.com/MimoJanra/confkit/file_sources.go:75.2,76.35 2 1
github.com/MimoJanra/confkit/file_sources.go:77.15,78.31 1 0
github.com/MimoJanra/confkit/file_sources.go:79.15,80.31 1 0
github.com/MimoJanra/confkit/file_sources.go:81.10,82.31 1 1
github.com/MimoJanra/confkit/file_sources.go:84.2,84.47 1 1
github.com/MimoJanra/confkit/file_sources.go:92.39,92.76 1 1
github.com/MimoJanra/confkit/file_sources.go:94.90,95.63 1 1
github.com/MimoJanra/confkit/file_sources.go:95.63,97.3 1 1
github.com/MimoJanra/confkit/file_sources.go:98.2,98.34 1 1
github.com/MimoJanra/confkit/file_sources.go:101.101,103.29 2 1
github.com/MimoJanra/confkit/file_sources.go:103.29,106.17 3 1
github.com/MimoJanra/confkit/file_sources.go:106.17,108.4 1 1
github.com/MimoJanra/confkit/file_sources.go:109.3,110.17 2 1
github.com/MimoJanra/confkit/file_sources.go:110.17,112.4 1 1
github.com/MimoJanra/confkit/file_sources.go:113.3,113.23 1 1
github.com/MimoJanra/confkit/file_sources.go:115.2,115.20 1 1
github.com/MimoJanra/confkit/file_sources.go:118.41,119.24 1 1
github.com/MimoJanra/confkit/file_sources.go:119.24,120.43 1 1
github.com/MimoJanra/confkit/file_sources.go:120.43,121.49 1 1
github.com/MimoJanra/confkit/file_sources.go:121.49,123.13 2 1
github.com/MimoJanra/confkit/file_sources.go:126.3,126.13 1 1
github.com/MimoJanra/confkit/file_sources.go:135.41,135.58 1 1
github.com/MimoJanra/confkit/file_sources.go:137.90,139.19 2 1
github.com/MimoJanra/confkit/file_sources.go:139.19,141.3 1 0
github.com/MimoJanra/confkit/file_sources.go:142.2,142.19 1 1
github.com/MimoJanra/confkit/file_sources.go:142.19,144.9 2 1
github.com/MimoJanra/confkit/file_sources.go:144.9,146.4 1 1
github.com/MimoJanra/confkit/file_sources.go:149.2,151.9 3 1
github.com/MimoJanra/confkit/file_sources.go:151.9,153.3 1 1
github.com/MimoJanra/confkit/file_sources.go:154.2,154.25 1 0
github.com/MimoJanra/confkit/flags_source.go:12.25,14.2 1 1
github.com/MimoJanra/confkit/flags_source.go:16.46,18.2 1 1
github.com/MimoJanra/confkit/flags_source.go:26.37,28.2 1 1
github.com/MimoJanra/confkit/flags_source.go:30.35,31.19 1 1
github.com/MimoJanra/confkit/flags_source.go:31.19,34.34 3 1
github.com/MimoJanra/confkit/flags_source.go:34.34,36.36 2 1
github.com/MimoJanra/confkit/flags_source.go:36.36,38.49 2 1
github.com/MimoJanra/confkit/flags_source.go:38.49,40.6 1 1
github.com/MimoJanra/confkit/flags_source.go:40.11,40.58 1 1
github.com/MimoJanra/confkit/flags_source.go:40.58,43.6 2 1
github.com/MimoJanra/confkit/flags_source.go:43.11,45.6 1 1
github.com/MimoJanra/confkit/flags_source.go:46.10,46.59 1 1
github.com/MimoJanra/confkit/flags_source.go:46.59,48.51 2 1
github.com/MimoJanra/confkit/flags_source.go:48.51,51.6 2 1
github.com/MimoJanra/confkit/flags_source.go:51.11,53.6 1 0
github.com/MimoJanra/confkit/flags_source.go:54.10,54.75 1 1
github.com/MimoJanra/confkit/flags_source.go:54.75,57.5 2 1
github.com/MimoJanra/confkit/flags_source.go:62.33,63.32 1 1
github.com/MimoJanra/confkit/flags_source.go:63.32,65.3 1 1
github.com/MimoJanra/confkit/flags_source.go:66.2,66.63 1 1
github.com/MimoJanra/confkit/flags_source.go:66.63,68.3 1 1
github.com/MimoJanra/confkit/flags_source.go:69.2,69.13 1 0
github.com/MimoJanra/confkit/flags_source.go:72.55,73.32 1 1
github.com/MimoJanra/confkit/flags_source.go:73.32,75.3 1 1
github.com/MimoJanra/confkit/flags_source.go:75.8,77.3 1 1
github.com/MimoJanra/confkit/flags_source.go:80.86,84.20 3 1
github.com/MimoJanra/confkit/flags_source.go:84.20,86.3 1 1
github.com/MimoJanra/confkit/flags_source.go:88.2,88.39 1 1
github.com/MimoJanra/confkit/flags_source.go:88.39,90.3 1 1
github.com/MimoJanra/confkit/flags_source.go:92.2,93.27 2 1
github.com/MimoJanra/confkit/flags_source.go:93.27,94.41 1 1
github.com/MimoJanra/confkit/flags_source.go:94.41,96.4 1 1
github.com/MimoJanra/confkit/flags_source.go:99.2,99.47 1 1
github.com/MimoJanra/confkit/flags_source.go:99.47,100.37 1 1
github.com/MimoJanra/confkit/flags_source.go:100.37,102.4 1 1
github.com/MimoJanra/confkit/flags_source.go:105.2,105.23 1 1
github.com/MimoJanra/confkit/flags_source.go:108.35,111.2 2 1
github.com/MimoJanra/confkit/interpolation.go:22.68,23.19 1 1
github.com/MimoJanra/confkit/interpolation.go:23.19,25.3 1 0
github.com/MimoJanra/confkit/interpolation.go:27.2,28.36 2 1
github.com/MimoJanra/confkit/interpolation.go:28.36,30.22 2 1
github.com/MimoJanra/confkit/interpolation.go:30.22,32.4 1 1
github.com/MimoJanra/confkit/interpolation.go:35.2,40.3 1 1
github.com/MimoJanra/confkit/interpolation.go:43.89,44.36 1 1
github.com/MimoJanra/confkit/interpolation.go:44.36,46.3 1 1
github.com/MimoJanra/confkit/interpolation.go:48.2,51.16 4 1
github.com/MimoJanra/confkit/interpolation.go:51.16,53.3 1 1
github.com/MimoJanra/confkit/interpolation.go:54.2,54.20 1 1
github.com/MimoJanra/confkit/interpolation.go:57.82,58.24 1 1
github.com/MimoJanra/confkit/interpolation.go:58.24,60.3 1 1
github.com/MimoJanra/confkit/interpolation.go:62.2,65.91 3 1
github.com/MimoJanra/confkit/interpolation.go:65.91,67.21 2 1
github.com/MimoJanra/confkit/interpolation.go:67.21,69.4 1 0
github.com/MimoJanra/confkit/interpolation.go:71.3,73.21 3 1
github.com/MimoJanra/confkit/interpolation.go:73.21,75.4 1 1
github.com/MimoJanra/confkit/interpolation.go:77.3,77.25 1 1
github.com/MimoJanra/confkit/interpolation.go:77.25,79.4 1 0
github.com/MimoJanra/confkit/interpolation.go:81.3,81.42 1 1
github.com/MimoJanra/confkit/interpolation.go:81.42,83.4 1 1
github.com/MimoJanra/confkit/interpolation.go:85.3,85.39 1 1
github.com/MimoJanra/confkit/interpolation.go:85.39,89.18 4 1
github.com/MimoJanra/confkit/interpolation.go:89.18,91.5 1 1
github.com/MimoJanra/confkit/interpolation.go:94.3,94.23 1 1
github.com/MimoJanra/confkit/interpolation.go:94.23,96.4 1 1
github.com/MimoJanra/confkit/interpolation.go:97.3,97.15 1 1
github.com/MimoJanra/confkit/interpolation.go:100.2,100.46 1 1
github.com/MimoJanra/confkit/interpolation.go:100.46,102.29 2 1
github.com/MimoJanra/confkit/interpolation.go:102.29,103.18 1 1
github.com/MimoJanra/confkit/interpolation.go:103.18,105.5 1 1
github.com/MimoJanra/confkit/interpolation.go:109.2,111.20 2 1
github.com/MimoJanra/confkit/interpolation.go:114.74,116.2 1 1
github.com/MimoJanra/confkit/json_source.go:12.35,14.16 2 1
github.com/MimoJanra/confkit/json_source.go:14.16,16.3 1 1
github.com/MimoJanra/confkit/json_source.go:17.2,17.15 1 1
github.com/MimoJanra/confkit/json_source.go:25.54,28.16 3 1
github.com/MimoJanra/confkit/json_source.go:28.16,30.3 1 1
github.com/MimoJanra/confkit/json_source.go:31.2,31.54 1 1
github.com/MimoJanra/confkit/json_source.go:31.54,33.3 1 0
github.com/MimoJanra/confkit/json_source.go:34.2,34.19 1 1
github.com/MimoJanra/confkit/json_source.go:34.19,36.3 1 0
github.com/MimoJanra/confkit/json_source.go:37.2,37.15 1 1
github.com/MimoJanra/confkit/json_source.go:40.42,40.59 1 1
github.com/MimoJanra/confkit/json_source.go:41.42,41.59 1 0
github.com/MimoJanra/confkit/json_source.go:43.85,45.19 2 1
github.com/MimoJanra/confkit/json_source.go:45.19,47.3 1 1
github.com/MimoJanra/confkit/json_source.go:48.2,48.19 1 1
github.com/MimoJanra/confkit/json_source.go:48.19,50.9 2 1
github.com/MimoJanra/confkit/json_source.go:50.9,52.4 1 1
github.com/MimoJanra/confkit/json_source.go:55.2,57.9 3 0
github.com/MimoJanra/confkit/json_source.go:57.9,59.3 1 0
github.com/MimoJanra/confkit/json_source.go:60.2,60.25 1 0
github.com/MimoJanra/confkit/load.go:11.49,13.2 1 1
github.com/MimoJanra/confkit/load.go:15.77,18.30 3 1
github.com/MimoJanra/confkit/load.go:18.30,20.3 1 1
github.com/MimoJanra/confkit/load.go:21.2,21.29 1 1
github.com/MimoJanra/confkit/load.go:24.60,26.2 1 1
github.com/MimoJanra/confkit/load.go:28.88,33.2 4 1
github.com/MimoJanra/confkit/load.go:37.78,42.2 4 1
github.com/MimoJanra/confkit/load.go:44.44,46.16 2 1
github.com/MimoJanra/confkit/load.go:46.16,47.13 1 1
github.com/MimoJanra/confkit/load.go:49.2,49.12 1 1
github.com/MimoJanra/confkit/load.go:52.72,54.16 2 1
github.com/MimoJanra/confkit/load.go:54.16,55.13 1 0
github.com/MimoJanra/confkit/load.go:57.2,57.12 1 1
github.com/MimoJanra/confkit/load.go:60.93,62.16 2 1
github.com/MimoJanra/confkit/load.go:62.16,64.3 1 1
github.com/MimoJanra/confkit/load.go:66.2,67.16 2 1
github.com/MimoJanra/confkit/load.go:67.16,69.3 1 0
github.com/MimoJanra/confkit/load.go:71.2,71.26 1 1
github.com/MimoJanra/confkit/load.go:74.53,86.30 4 1
github.com/MimoJanra/confkit/load.go:86.30,88.3 1 1
github.com/MimoJanra/confkit/load.go:90.2,91.16 2 1
github.com/MimoJanra/confkit/load.go:91.16,93.3 1 0
github.com/MimoJanra/confkit/load.go:95.2,100.42 5 1
github.com/MimoJanra/confkit/load.go:100.42,102.3 1 1
github.com/MimoJanra/confkit/load.go:104.2,109.31 4 1
github.com/MimoJanra/confkit/load.go:109.31,111.41 2 1
github.com/MimoJanra/confkit/load.go:111.41,113.18 2 1
github.com/MimoJanra/confkit/load.go:113.18,115.13 2 1
github.com/MimoJanra/confkit/load.go:117.4,117.10 1 1
github.com/MimoJanra/confkit/load.go:117.10,121.42 3 1
github.com/MimoJanra/confkit/load.go:121.42,123.20 2 1
github.com/MimoJanra/confkit/load.go:123.20,130.12 3 0
github.com/MimoJanra/confkit/load.go:132.6,132.26 1 1
github.com/MimoJanra/confkit/load.go:135.5,135.22 1 1
github.com/MimoJanra/confkit/load.go:135.22,136.11 1 0
github.com/MimoJanra/confkit/load.go:139.5,141.10 3 1
github.com/MimoJanra/confkit/load.go:144.3,144.70 1 1
github.com/MimoJanra/confkit/load.go:144.70,150.4 1 1
github.com/MimoJanra/confkit/load.go:153.2,153.31 1 1
github.com/MimoJanra/confkit/load.go:153.31,154.64 1 1
github.com/MimoJanra/confkit/load.go:154.64,157.4 2 1
github.com/MimoJanra/confkit/load.go:160.2,161.22 2 1
github.com/MimoJanra/confkit/load.go:161.22,162.31 1 1
github.com/MimoJanra/confkit/load.go:162.31,165.4 2 1
github.com/MimoJanra/confkit/load.go:166.3,166.21 1 1
github.com/MimoJanra/confkit/load.go:169.2,173.23 4 1
github.com/MimoJanra/confkit/load.go:173.23,174.31 1 1
github.com/MimoJanra/confkit/load.go:174.31,177.4 2 1
github.com/MimoJanra/confkit/load.go:178.3,178.21 1 1
github.com/MimoJanra/confkit/load.go:181.2,182.33 2 1
github.com/MimoJanra/confkit/load.go:182.33,184.3 1 1
github.com/MimoJanra/confkit/load.go:186.2,186.22 1 1
github.com/MimoJanra/confkit/load.go:186.22,187.45 1 1
github.com/MimoJanra/confkit/load.go:187.45,188.34 1 1
github.com/MimoJanra/confkit/load.go:188.34,194.5 1 1
github.com/MimoJanra/confkit/load.go:198.2,198.23 1 1
github.com/MimoJanra/confkit/load.go:198.23,199.31 1 1
github.com/MimoJanra/confkit/load.go:199.31,202.4 2 1
github.com/MimoJanra/confkit/load.go:203.3,203.21 1 1
github.com/MimoJanra/confkit/load.go:206.2,206.30 1 1
github.com/MimoJanra/confkit/load.go:206.30,209.3 2 1
github.com/MimoJanra/confkit/load.go:210.2,210.17 1 1
github.com/MimoJanra/confkit/load.go:213.122,214.31 1 1
github.com/MimoJanra/confkit/load.go:214.31,216.3 1 1
github.com/MimoJanra/confkit/load.go:217.2,218.31 2 1
github.com/MimoJanra/confkit/load.go:218.31,220.10 2 1
github.com/MimoJanra/confkit/load.go:220.10,221.12 1 1
github.com/MimoJanra/confkit/load.go:223.3,224.21 2 1
github.com/MimoJanra/confkit/load.go:224.21,226.4 1 0
github.com/MimoJanra/confkit/load.go:227.3,227.84 1 1
github.com/MimoJanra/confkit/load.go:229.2,229.29 1 1
github.com/MimoJanra/confkit/load.go:232.81,233.32 1 1
github.com/MimoJanra/confkit/load.go:233.32,235.3 1 1
github.com/MimoJanra/confkit/load.go:236.2,237.37 2 1
github.com/MimoJanra/confkit/load.go:237.37,239.3 1 1
github.com/MimoJanra/confkit/load.go:242.114,243.40 1 1
github.com/MimoJanra/confkit/load.go:243.40,244.20 1 1
github.com/MimoJanra/confkit/load.go:244.20,245.12 1 0
github.com/MimoJanra/confkit/load.go:247.3,248.40 2 1
github.com/MimoJanra/confkit/load.go:251.2,253.40 2 1
github.com/MimoJanra/confkit/load.go:253.40,254.20 1 1
github.com/MimoJanra/confkit/load.go:254.20,255.12 1 0
github.com/MimoJanra/confkit/load.go:257.3,260.17 3 1
github.com/MimoJanra/confkit/load.go:260.17,267.4 2 1
github.com/MimoJanra/confkit/load.go:268.3,268.34 1 1
github.com/MimoJanra/confkit/load.go:271.2,271.45 1 1
github.com/MimoJanra/confkit/load.go:271.45,273.3 1 1
github.com/MimoJanra/confkit/load.go:275.2,275.13 1 1
github.com/MimoJanra/confkit/load.go:278.148,279.31 1 1
github.com/MimoJanra/confkit/load.go:279.31,281.10 2 1
github.com/MimoJanra/confkit/load.go:281.10,282.12 1 1
github.com/MimoJanra/confkit/load.go:285.3,287.17 3 1
github.com/MimoJanra/confkit/load.go:287.17,296.12 2 1
github.com/MimoJanra/confkit/load.go:299.3,299.41 1 1
github.com/MimoJanra/confkit/load.go:303.32,304.14 1 1
github.com/MimoJanra/confkit/load.go:304.14,306.3 1 0
github.com/MimoJanra/confkit/load.go:307.2,307.29 1 1
github.com/MimoJanra/confkit/load.go:307.29,309.3 1 1
github.com/MimoJanra/confkit/load.go:310.2,310.29 1 1
github.com/MimoJanra/confkit/load.go:313.68,317.36 3 1
github.com/MimoJanra/confkit/load.go:317.36,319.23 2 1
github.com/MimoJanra/confkit/load.go:319.23,321.4 1 0
github.com/MimoJanra/confkit/load.go:322.3,322.34 1 1
github.com/MimoJanra/confkit/load.go:322.34,323.21 1 1
github.com/MimoJanra/confkit/load.go:323.21,325.5 1 1
github.com/MimoJanra/confkit/load.go:326.4,326.24 1 1
github.com/MimoJanra/confkit/load.go:328.3,328.18 1 1
github.com/MimoJanra/confkit/load.go:331.2,332.22 2 1
github.com/MimoJanra/confkit/load.go:332.22,334.3 1 0
github.com/MimoJanra/confkit/load.go:335.2,335.35 1 1
github.com/MimoJanra/confkit/observability.go:18.62,22.31 3 1
github.com/MimoJanra/confkit/observability.go:22.31,24.3 1 1
github.com/MimoJanra/confkit/observability.go:26.2,26.31 1 1
github.com/MimoJanra/confkit/observability.go:26.31,28.21 2 1
github.com/MimoJanra/confkit/observability.go:28.21,30.4 1 1
github.com/MimoJanra/confkit/observability.go:30.9,32.4 1 1
github.com/MimoJanra/confkit/observability.go:35.2,35.43 1 1
github.com/MimoJanra/confkit/observability.go:38.56,42.29 3 1
github.com/MimoJanra/confkit/observability.go:42.29,44.23 2 1
github.com/MimoJanra/confkit/observability.go:44.23,46.4 1 1
github.com/MimoJanra/confkit/observability.go:48.3,48.34 1 1
github.com/MimoJanra/confkit/observability.go:48.34,49.21 1 1
github.com/MimoJanra/confkit/observability.go:49.21,51.5 1 1
github.com/MimoJanra/confkit/observability.go:52.4,52.26 1 0
github.com/MimoJanra/confkit/observability.go:53.9,55.4 1 1
github.com/MimoJanra/confkit/observability.go:58.2,58.23 1 1
github.com/MimoJanra/confkit/observability.go:58.23,60.3 1 1
github.com/MimoJanra/confkit/observability.go:61.2,61.12 1 0
github.com/MimoJanra/confkit/observability.go:64.44,71.2 2 1
github.com/MimoJanra/confkit/observability.go:73.85,76.2 1 1
github.com/MimoJanra/confkit/observability.go:78.30,81.2 2 1
github.com/MimoJanra/confkit/observability.go:83.38,86.26 3 1
github.com/MimoJanra/confkit/observability.go:86.26,87.16 1 1
github.com/MimoJanra/confkit/observability.go:87.16,88.21 1 1
github.com/MimoJanra/confkit/observability.go:88.21,91.5 2 1
github.com/MimoJanra/confkit/observability.go:92.9,94.4 1 1
github.com/MimoJanra/confkit/observability.go:96.2,96.19 1 1
github.com/MimoJanra/confkit/observability.go:96.19,98.3 1 1
github.com/MimoJanra/confkit/observability.go:99.2,99.14 1 1
github.com/MimoJanra/confkit/options.go:39.44,41.2 1 1
github.com/MimoJanra/confkit/options.go:43.39,44.42 1 1
github.com/MimoJanra/confkit/options.go:44.42,46.3 1 1
github.com/MimoJanra/confkit/options.go:49.70,50.42 1 1
github.com/MimoJanra/confkit/options.go:50.42,52.3 1 1
github.com/MimoJanra/confkit/options.go:55.58,56.42 1 1
github.com/MimoJanra/confkit/options.go:56.42,57.71 1 1
github.com/MimoJanra/confkit/options.go:57.71,58.31 1 1
github.com/MimoJanra/confkit/options.go:58.31,60.5 1 1
github.com/MimoJanra/confkit/options.go:61.4,61.14 1 0
github.com/MimoJanra/confkit/options.go:66.47,67.42 1 1
github.com/MimoJanra/confkit/options.go:67.42,69.3 1 1
github.com/MimoJanra/confkit/options.go:72.50,73.42 1 1
github.com/MimoJanra/confkit/options.go:73.42,74.16 1 1
github.com/MimoJanra/confkit/options.go:74.16,76.4 1 1
github.com/MimoJanra/confkit/options.go:80.45,81.42 1 1
github.com/MimoJanra/confkit/options.go:81.42,83.3 1 1
github.com/MimoJanra/confkit/options.go:86.43,87.42 1 1
github.com/MimoJanra/confkit/options.go:87.42,89.3 1 1
github.com/MimoJanra/confkit/options.go:92.46,93.42 1 1
github.com/MimoJanra/confkit/options.go:93.42,95.3 1 1
github.com/MimoJanra/confkit/options.go:98.36,99.42 1 1
github.com/MimoJanra/confkit/options.go:99.42,101.3 1 1
github.com/MimoJanra/confkit/parser.go:14.26,16.2 1 1
github.com/MimoJanra/confkit/parser.go:18.76,19.17 1 1
github.com/MimoJanra/confkit/parser.go:19.17,21.3 1 1
github.com/MimoJanra/confkit/parser.go:23.2,23.36 1 1
github.com/MimoJanra/confkit/parser.go:23.36,24.38 1 1
github.com/MimoJanra/confkit/parser.go:24.38,26.4 1 1
github.com/MimoJanra/confkit/parser.go:26.9,26.41 1 1
github.com/MimoJanra/confkit/parser.go:26.41,28.4 1 1
github.com/MimoJanra/confkit/parser.go:31.2,31.27 1 1
github.com/MimoJanra/confkit/parser.go:32.22,33.20 1 1
github.com/MimoJanra/confkit/parser.go:34.20,35.26 1 1
github.com/MimoJanra/confkit/parser.go:36.78,37.37 1 1
github.com/MimoJanra/confkit/parser.go:38.83,39.38 1 1
github.com/MimoJanra/confkit/parser.go:40.40,41.39 1 1
github.com/MimoJanra/confkit/parser.go:42.21,43.41 1 1
github.com/MimoJanra/confkit/parser.go:44.19,45.39 1 1
github.com/MimoJanra/confkit/parser.go:46.10,47.61 1 1
github.com/MimoJanra/confkit/parser.go:51.44,52.51 1 1
github.com/MimoJanra/confkit/parser.go:53.32,54.19 1 1
github.com/MimoJanra/confkit/parser.go:55.33,56.20 1 1
github.com/MimoJanra/confkit/parser.go:57.10,58.54 1 1
github.com/MimoJanra/confkit/parser.go:62.67,64.16 2 1
github.com/MimoJanra/confkit/parser.go:64.16,66.3 1 1
github.com/MimoJanra/confkit/parser.go:67.2,67.27 1 1
github.com/MimoJanra/confkit/parser.go:68.19,69.55 1 1
github.com/MimoJanra/confkit/parser.go:69.55,71.4 1 0
github.com/MimoJanra/confkit/parser.go:72.3,72.21 1 1
github.com/MimoJanra/confkit/parser.go:73.20,74.26 1 1
github.com/MimoJanra/confkit/parser.go:74.26,76.4 1 0
github.com/MimoJanra/confkit/parser.go:77.3,77.22 1 1
github.com/MimoJanra/confkit/parser.go:78.21,79.30 1 1
github.com/MimoJanra/confkit/parser.go:79.30,81.4 1 1
github.com/MimoJanra/confkit/parser.go:82.3,82.23 1 1
github.com/MimoJanra/confkit/parser.go:83.21,84.40 1 1
github.com/MimoJanra/confkit/parser.go:84.40,86.4 1 0
github.com/MimoJanra/confkit/parser.go:87.3,87.23 1 1
github.com/MimoJanra/confkit/parser.go:88.21,89.16 1 1
github.com/MimoJanra/confkit/parser.go:90.10,91.64 1 0
github.com/MimoJanra/confkit/parser.go:95.68,97.16 2 1
github.com/MimoJanra/confkit/parser.go:97.16,99.3 1 1
github.com/MimoJanra/confkit/parser.go:100.2,100.27 1 1
github.com/MimoJanra/confkit/parser.go:101.20,102.31 1 1
github.com/MimoJanra/confkit/parser.go:102.31,104.4 1 0
github.com/MimoJanra/confkit/parser.go:105.3,105.22 1 1
github.com/MimoJanra/confkit/parser.go:106.21,107.24 1 1
github.com/MimoJanra/confkit/parser.go:107.24,109.4 1 1
github.com/MimoJanra/confkit/parser.go:110.3,110.23 1 1
github.com/MimoJanra/confkit/parser.go:111.22,112.25 1 1
github.com/MimoJanra/confkit/parser.go:112.25,114.4 1 0
github.com/MimoJanra/confkit/parser.go:115.3,115.24 1 1
github.com/MimoJanra/confkit/parser.go:116.22,117.25 1 1
github.com/MimoJanra/confkit/parser.go:117.25,119.4 1 0
github.com/MimoJanra/confkit/parser.go:120.3,120.24 1 1
github.com/MimoJanra/confkit/parser.go:121.22,122.16 1 1
github.com/MimoJanra/confkit/parser.go:123.10,124.65 1 0
github.com/MimoJanra/confkit/parser.go:128.69,130.16 2 1
github.com/MimoJanra/confkit/parser.go:130.16,132.3 1 0
github.com/MimoJanra/confkit/parser.go:133.2,133.42 1 1
github.com/MimoJanra/confkit/parser.go:133.42,135.3 1 1
github.com/MimoJanra/confkit/parser.go:136.2,136.15 1 1
github.com/MimoJanra/confkit/parser.go:139.47,141.16 2 1
github.com/MimoJanra/confkit/parser.go:141.16,143.3 1 0
github.com/MimoJanra/confkit/parser.go:144.2,144.15 1 1
github.com/MimoJanra/confkit/parser.go:147.43,149.16 2 1
github.com/MimoJanra/confkit/parser.go:149.16,151.3 1 0
github.com/MimoJanra/confkit/parser.go:152.2,152.15 1 1
github.com/MimoJanra/confkit/parser.go:155.81,160.29 4 1
github.com/MimoJanra/confkit/parser.go:160.29,162.17 2 1
github.com/MimoJanra/confkit/parser.go:162.17,163.12 1 0
github.com/MimoJanra/confkit/parser.go:165.3,166.17 2 1
github.com/MimoJanra/confkit/parser.go:166.17,168.4 1 0
github.com/MimoJanra/confkit/parser.go:169.3,169.59 1 1
github.com/MimoJanra/confkit/parser.go:172.2,172.32 1 1
github.com/MimoJanra/confkit/parser.go:175.79,176.47 1 1
github.com/MimoJanra/confkit/parser.go:176.47,178.3 1 1
github.com/MimoJanra/confkit/parser.go:180.2,181.36 2 1
github.com/MimoJanra/confkit/parser.go:181.36,183.3 1 0
github.com/MimoJanra/confkit/parser.go:185.2,185.44 1 1
github.com/MimoJanra/confkit/parser.go:185.44,187.17 2 1
github.com/MimoJanra/confkit/parser.go:187.17,188.12 1 0
github.com/MimoJanra/confkit/parser.go:190.3,191.15 2 1
github.com/MimoJanra/confkit/parser.go:191.15,193.4 1 1
github.com/MimoJanra/confkit/parser.go:194.3,197.55 3 1
github.com/MimoJanra/confkit/parser.go:197.55,199.4 1 1
github.com/MimoJanra/confkit/parser.go:201.3,202.17 2 1
github.com/MimoJanra/confkit/parser.go:202.17,204.4 1 0
github.com/MimoJanra/confkit/parser.go:206.3,206.69 1 1
github.com/MimoJanra/confkit/parser.go:209.2,209.32 1 1
github.com/MimoJanra/confkit/parser.go:214.39,218.30 4 1
github.com/MimoJanra/confkit/parser.go:218.30,220.10 2 1
github.com/MimoJanra/confkit/parser.go:221.18,223.21 2 1
github.com/MimoJanra/confkit/parser.go:224.31,226.15 2 1
github.com/MimoJanra/confkit/parser.go:227.11,228.21 1 1
github.com/MimoJanra/confkit/parser.go:231.2,231.19 1 1
github.com/MimoJanra/confkit/parser.go:231.19,233.3 1 1
github.com/MimoJanra/confkit/parser.go:234.2,234.14 1 1
github.com/MimoJanra/confkit/parser.go:237.50,239.2 1 1
github.com/MimoJanra/confkit/registry.go:15.63,16.16 1 1
github.com/MimoJanra/confkit/registry.go:16.16,18.3 1 1
github.com/MimoJanra/confkit/registry.go:19.2,19.20 1 1
github.com/MimoJanra/confkit/registry.go:19.20,21.3 1 1
github.com/MimoJanra/confkit/registry.go:23.2,26.47 3 1
github.com/MimoJanra/confkit/registry.go:26.47,28.3 1 1
github.com/MimoJanra/confkit/registry.go:30.2,31.12 2 1
github.com/MimoJanra/confkit/registry.go:34.45,39.13 4 1
github.com/MimoJanra/confkit/registry.go:39.13,41.3 1 1
github.com/MimoJanra/confkit/registry.go:43.2,43.23 1 1
github.com/MimoJanra/confkit/registry.go:46.36,50.2 3 1
github.com/MimoJanra/confkit/rotation.go:29.67,36.2 1 1
github.com/MimoJanra/confkit/rotation.go:38.59,42.2 3 1
github.com/MimoJanra/confkit/rotation.go:44.77,47.2 2 1
github.com/MimoJanra/confkit/rotation.go:49.33,50.23 1 1
github.com/MimoJanra/confkit/rotation.go:50.23,51.22 1 1
github.com/MimoJanra/confkit/rotation.go:51.22,53.4 1 1
github.com/MimoJanra/confkit/rotation.go:54.3,54.20 1 1
github.com/MimoJanra/confkit/rotation.go:58.51,59.6 1 1
github.com/MimoJanra/confkit/rotation.go:59.6,60.10 1 1
github.com/MimoJanra/confkit/rotation.go:61.21,63.10 2 1
github.com/MimoJanra/confkit/rotation.go:64.21,70.18 5 1
github.com/MimoJanra/confkit/rotation.go:70.18,72.13 2 1
github.com/MimoJanra/confkit/rotation.go:75.4,75.20 1 1
github.com/MimoJanra/confkit/rotation.go:75.20,85.5 6 1
github.com/MimoJanra/confkit/rotation.go:90.73,96.31 5 1
github.com/MimoJanra/confkit/rotation.go:96.31,98.3 1 1
github.com/MimoJanra/confkit/rotation.go:101.44,103.2 1 1
github.com/MimoJanra/confkit/rotation.go:105.51,109.2 3 1
github.com/MimoJanra/confkit/rotation.go:115.64,117.2 1 1
github.com/MimoJanra/confkit/rotation.go:119.106,121.2 1 1
github.com/MimoJanra/confkit/rotation.go:127.64,129.2 1 1
github.com/MimoJanra/confkit/rotation.go:131.94,132.9 1 1
github.com/MimoJanra/confkit/rotation.go:133.21,134.19 1 1
github.com/MimoJanra/confkit/rotation.go:135.20,136.26 1 1
github.com/MimoJanra/confkit/rotation.go:137.10,138.20 1 1
github.com/MimoJanra/confkit/rotation.go:142.60,144.2 1 1
github.com/MimoJanra/confkit/sources.go:12.37,14.2 1 0
github.com/MimoJanra/confkit/sources.go:16.82,18.2 1 1
github.com/MimoJanra/confkit/toml_source.go:12.35,14.16 2 1
github.com/MimoJanra/confkit/toml_source.go:14.16,16.3 1 1
github.com/MimoJanra/confkit/toml_source.go:17.2,17.15 1 1
github.com/MimoJanra/confkit/toml_source.go:25.54,28.16 3 1
github.com/MimoJanra/confkit/toml_source.go:28.16,30.3 1 1
github.com/MimoJanra/confkit/toml_source.go:31.2,31.54 1 1
github.com/MimoJanra/confkit/toml_source.go:31.54,33.3 1 0
github.com/MimoJanra/confkit/toml_source.go:34.2,34.15 1 1
github.com/MimoJanra/confkit/toml_source.go:37.42,37.59 1 1
github.com/MimoJanra/confkit/toml_source.go:38.42,38.59 1 0
github.com/MimoJanra/confkit/toml_source.go:40.85,42.19 2 1
github.com/MimoJanra/confkit/toml_source.go:42.19,44.3 1 1
github.com/MimoJanra/confkit/toml_source.go:45.2,45.19 1 1
github.com/MimoJanra/confkit/toml_source.go:45.19,47.3 1 1
github.com/MimoJanra/confkit/toml_source.go:48.2,48.19 1 1
github.com/MimoJanra/confkit/toml_source.go:48.19,50.9 2 1
github.com/MimoJanra/confkit/toml_source.go:50.9,52.4 1 1
github.com/MimoJanra/confkit/toml_source.go:55.2,57.9 3 1
github.com/MimoJanra/confkit/toml_source.go:57.9,59.3 1 1
github.com/MimoJanra/confkit/toml_source.go:60.2,60.25 1 0
github.com/MimoJanra/confkit/validation.go:16.32,20.2 1 1
github.com/MimoJanra/confkit/validation.go:22.78,26.31 3 1
github.com/MimoJanra/confkit/validation.go:26.31,28.3 1 1
github.com/MimoJanra/confkit/validation.go:30.2,30.31 1 1
github.com/MimoJanra/confkit/validation.go:30.31,32.24 2 1
github.com/MimoJanra/confkit/validation.go:32.24,33.12 1 1
github.com/MimoJanra/confkit/validation.go:36.3,37.26 2 1
github.com/MimoJanra/confkit/validation.go:37.26,38.12 1 0
github.com/MimoJanra/confkit/validation.go:41.3,42.30 2 1
github.com/MimoJanra/confkit/validation.go:42.30,44.30 2 1
github.com/MimoJanra/confkit/validation.go:44.30,46.10 2 1
github.com/MimoJanra/confkit/validation.go:51.2,51.15 1 1
github.com/MimoJanra/confkit/validation.go:59.56,62.52 2 1
github.com/MimoJanra/confkit/validation.go:62.52,69.27 5 1
github.com/MimoJanra/confkit/validation.go:69.27,70.36 1 1
github.com/MimoJanra/confkit/validation.go:70.36,72.34 2 1
github.com/MimoJanra/confkit/validation.go:72.34,73.45 1 1
github.com/MimoJanra/confkit/validation.go:73.45,75.106 2 0
github.com/MimoJanra/confkit/validation.go:75.106,77.13 2 0
github.com/MimoJanra/confkit/validation.go:81.5,81.21 1 1
github.com/MimoJanra/confkit/validation.go:81.21,82.11 1 0
github.com/MimoJanra/confkit/validation.go:84.5,84.107 1 1
github.com/MimoJanra/confkit/validation.go:84.107,86.11 2 0
github.com/MimoJanra/confkit/validation.go:91.3,92.19 2 1
github.com/MimoJanra/confkit/validation.go:92.19,94.4 1 1
github.com/MimoJanra/confkit/validation.go:94.9,97.37 3 0
github.com/MimoJanra/confkit/validation.go:97.37,99.5 1 0
github.com/MimoJanra/confkit/validation.go:99.10,101.5 1 0
github.com/MimoJanra/confkit/validation.go:103.3,103.28 1 1
github.com/MimoJanra/confkit/validation.go:103.28,105.4 1 1
github.com/MimoJanra/confkit/validation.go:107.3,107.60 1 1
github.com/MimoJanra/confkit/validation.go:107.60,109.18 2 1
github.com/MimoJanra/confkit/validation.go:109.18,110.13 1 1
github.com/MimoJanra/confkit/validation.go:112.4,112.48 1 1
github.com/MimoJanra/confkit/validation.go:112.48,114.5 1 0
github.com/MimoJanra/confkit/validation.go:114.10,116.5 1 1
github.com/MimoJanra/confkit/validation.go:118.3,118.23 1 1
github.com/MimoJanra/confkit/validation.go:118.23,120.4 1 1
github.com/MimoJanra/confkit/validation.go:121.8,122.48 1 1
github.com/MimoJanra/confkit/validation.go:122.48,124.18 2 1
github.com/MimoJanra/confkit/validation.go:124.18,125.13 1 0
github.com/MimoJanra/confkit/validation.go:127.4,127.48 1 1
github.com/MimoJanra/confkit/validation.go:127.48,129.5 1 1
github.com/MimoJanra/confkit/validation.go:129.10,131.5 1 1
github.com/MimoJanra/confkit/validation.go:135.2,135.14 1 1
github.com/MimoJanra/confkit/validation.go:138.108,139.19 1 1
github.com/MimoJanra/confkit/validation.go:140.18,141.45 1 1
github.com/MimoJanra/confkit/validation.go:142.13,143.46 1 1
github.com/MimoJanra/confkit/validation.go:144.13,145.46 1 1
github.com/MimoJanra/confkit/validation.go:146.15,147.48 1 1
github.com/MimoJanra/confkit/validation.go:148.10,149.61 1 1
github.com/MimoJanra/confkit/validation.go:149.61,151.4 1 1
github.com/MimoJanra/confkit/validation.go:152.3,152.63 1 1
github.com/MimoJanra/confkit/validation.go:152.63,153.45 1 1
github.com/MimoJanra/confkit/validation.go:153.45,163.5 1 1
github.com/MimoJanra/confkit/validation.go:165.3,165.22 1 1
github.com/MimoJanra/confkit/validation.go:169.90,170.27 1 1
github.com/MimoJanra/confkit/validation.go:170.27,180.3 1 1
github.com/MimoJanra/confkit/validation.go:181.2,181.21 1 1
github.com/MimoJanra/confkit/validation.go:184.106,186.16 2 1
github.com/MimoJanra/confkit/validation.go:186.16,188.3 1 0
github.com/MimoJanra/confkit/validation.go:190.2,192.25 3 1
github.com/MimoJanra/confkit/validation.go:193.78,195.51 2 1
github.com/MimoJanra/confkit/validation.go:196.83,198.51 2 1
github.com/MimoJanra/confkit/validation.go:199.40,201.51 2 1
github.com/MimoJanra/confkit/validation.go:202.22,204.67 2 1
github.com/MimoJanra/confkit/validation.go:207.2,207.12 1 1
github.com/MimoJanra/confkit/validation.go:207.12,213.3 1 1
github.com/MimoJanra/confkit/validation.go:214.2,214.21 1 1
github.com/MimoJanra/confkit/validation.go:217.106,219.16 2 1
github.com/MimoJanra/confkit/validation.go:219.16,221.3 1 0
github.com/MimoJanra/confkit/validation.go:223.2,225.25 3 1
github.com/MimoJanra/confkit/validation.go:226.78,228.50 2 1
github.com/MimoJanra/confkit/validation.go:229.83,231.50 2 1
github.com/MimoJanra/confkit/validation.go:232.40,234.50 2 1
github.com/MimoJanra/confkit/validation.go:235.22,237.66 2 1
github.com/MimoJanra/confkit/validation.go:240.2,240.12 1 1
github.com/MimoJanra/confkit/validation.go:240.12,246.3 1 1
github.com/MimoJanra/confkit/validation.go:247.2,247.21 1 1
github.com/MimoJanra/confkit/validation.go:250.108,252.53 2 1
github.com/MimoJanra/confkit/validation.go:252.53,253.41 1 1
github.com/MimoJanra/confkit/validation.go:253.41,255.4 1 1
github.com/MimoJanra/confkit/validation.go:257.2,265.3 1 1
github.com/MimoJanra/confkit/validation.go:268.42,269.20 1 1
github.com/MimoJanra/confkit/validation.go:270.22,271.28 1 1
github.com/MimoJanra/confkit/validation.go:272.78,273.24 1 1
github.com/MimoJanra/confkit/validation.go:274.83,275.25 1 0
github.com/MimoJanra/confkit/validation.go:276.40,277.26 1 1
github.com/MimoJanra/confkit/validation.go:278.20,279.21 1 1
github.com/MimoJanra/confkit/validation.go:280.36,281.24 1 1
github.com/MimoJanra/confkit/validation.go:282.19,283.21 1 1
github.com/MimoJanra/confkit/validation.go:284.10,285.22 1 0
github.com/MimoJanra/confkit/validation.go:289.67,291.39 2 1
github.com/MimoJanra/confkit/validation.go:291.39,292.36 1 1
github.com/MimoJanra/confkit/validation.go:292.36,293.23 1 1
github.com/MimoJanra/confkit/validation.go:293.23,295.5 1 1
github.com/MimoJanra/confkit/validation.go:296.4,296.28 1 0
github.com/MimoJanra/confkit/validation.go:298.3,298.39 1 1
github.com/MimoJanra/confkit/validation.go:298.39,300.4 1 0
github.com/MimoJanra/confkit/validation.go:301.3,302.25 2 1
github.com/MimoJanra/confkit/validation.go:302.25,304.4 1 1
github.com/MimoJanra/confkit/validation.go:306.2,306.16 1 1
github.com/MimoJanra/confkit/validation.go:309.66,310.14 1 1
github.com/MimoJanra/confkit/validation.go:310.14,312.3 1 0
github.com/MimoJanra/confkit/validation.go:313.2,313.20 1 1
github.com/MimoJanra/confkit/validation.go:314.22,315.22 1 1
github.com/MimoJanra/confkit/validation.go:316.78,317.38 1 1
github.com/MimoJanra/confkit/validation.go:318.83,319.39 1 1
github.com/MimoJanra/confkit/validation.go:320.40,321.40 1 1
github.com/MimoJanra/confkit/validation.go:322.20,323.39 1 1
github.com/MimoJanra/confkit/validation.go:324.10,325.44 1 1
github.com/MimoJanra/confkit/validators_builtin.go:21.118,22.19 1 1
github.com/MimoJanra/confkit/validators_builtin.go:23.15,24.77 1 1
github.com/MimoJanra/confkit/validators_builtin.go:24.77,27.4 2 1
github.com/MimoJanra/confkit/validators_builtin.go:29.13,30.77 1 1
github.com/MimoJanra/confkit/validators_builtin.go:30.77,34.4 3 1
github.com/MimoJanra/confkit/validators_builtin.go:36.18,37.77 1 1
github.com/MimoJanra/confkit/validators_builtin.go:37.77,41.4 3 1
github.com/MimoJanra/confkit/validators_builtin.go:43.12,44.77 1 1
github.com/MimoJanra/confkit/validators_builtin.go:44.77,46.4 1 1
github.com/MimoJanra/confkit/validators_builtin.go:48.14,49.77 1 1
github.com/MimoJanra/confkit/validators_builtin.go:49.77,52.4 2 1
github.com/MimoJanra/confkit/validators_builtin.go:54.14,55.77 1 1
github.com/MimoJanra/confkit/validators_builtin.go:55.77,58.4 2 1
github.com/MimoJanra/confkit/validators_builtin.go:60.14,61.77 1 1
github.com/MimoJanra/confkit/validators_builtin.go:61.77,63.4 1 1
github.com/MimoJanra/confkit/validators_builtin.go:65.18,66.77 1 1
github.com/MimoJanra/confkit/validators_builtin.go:66.77,68.4 1 1
github.com/MimoJanra/confkit/validators_builtin.go:70.14,71.76 1 1
github.com/MimoJanra/confkit/validators_builtin.go:71.76,73.4 1 1
github.com/MimoJanra/confkit/validators_builtin.go:75.15,76.23 1 1
github.com/MimoJanra/confkit/validators_builtin.go:76.23,78.4 1 0
github.com/MimoJanra/confkit/validators_builtin.go:79.3,79.77 1 1
github.com/MimoJanra/confkit/validators_builtin.go:79.77,81.18 2 1
github.com/MimoJanra/confkit/validators_builtin.go:81.18,83.5 1 0
github.com/MimoJanra/confkit/validators_builtin.go:84.4,84.78 1 1
github.com/MimoJanra/confkit/validators_builtin.go:87.13,89.17 2 1
github.com/MimoJanra/confkit/validators_builtin.go:89.17,91.4 1 0
github.com/MimoJanra/confkit/validators_builtin.go:92.3,92.77 1 1
github.com/MimoJanra/confkit/validators_builtin.go:92.77,94.4 1 1
github.com/MimoJanra/confkit/validators_builtin.go:96.18,97.77 1 1
github.com/MimoJanra/confkit/validators_builtin.go:97.77,99.4 1 1
github.com/MimoJanra/confkit/validators_builtin.go:101.20,102.77 1 1
github.com/MimoJanra/confkit/validators_builtin.go:102.77,104.4 1 1
github.com/MimoJanra/confkit/validators_builtin.go:106.18,107.77 1 1
github.com/MimoJanra/confkit/validators_builtin.go:107.77,109.4 1 1
github.com/MimoJanra/confkit/validators_builtin.go:111.15,112.77 1 1
github.com/MimoJanra/confkit/validators_builtin.go:112.77,113.24 1 1
github.com/MimoJanra/confkit/validators_builtin.go:113.24,114.29 1 1
github.com/MimoJanra/confkit/validators_builtin.go:114.29,116.6 1 1
github.com/MimoJanra/confkit/validators_builtin.go:118.4,118.19 1 1
github.com/MimoJanra/confkit/validators_builtin.go:121.18,122.77 1 1
github.com/MimoJanra/confkit/validators_builtin.go:122.77,123.24 1 1
github.com/MimoJanra/confkit/validators_builtin.go:123.24,124.52 1 1
github.com/MimoJanra/confkit/validators_builtin.go:124.52,126.6 1 1
github.com/MimoJanra/confkit/validators_builtin.go:128.4,128.19 1 1
github.com/MimoJanra/confkit/validators_builtin.go:131.17,132.77 1 1
github.com/MimoJanra/confkit/validators_builtin.go:132.77,133.24 1 1
github.com/MimoJanra/confkit/validators_builtin.go:133.24,134.28 1 1
github.com/MimoJanra/confkit/validators_builtin.go:134.28,136.6 1 1
github.com/MimoJanra/confkit/validators_builtin.go:138.4,138.19 1 1
github.com/MimoJanra/confkit/validators_builtin.go:141.19,142.77 1 1
github.com/MimoJanra/confkit/validators_builtin.go:142.77,144.4 1 1
github.com/MimoJanra/confkit/validators_builtin.go:146.19,147.77 1 1
github.com/MimoJanra/confkit/validators_builtin.go:147.77,149.4 1 1
github.com/MimoJanra/confkit/validators_builtin.go:151.18,152.77 1 1
github.com/MimoJanra/confkit/validators_builtin.go:152.77,154.4 1 1
github.com/MimoJanra/confkit/validators_builtin.go:157.2,157.28 1 1
github.com/MimoJanra/confkit/validators_builtin.go:160.115,161.39 1 1
github.com/MimoJanra/confkit/validators_builtin.go:161.39,163.3 1 1
github.com/MimoJanra/confkit/validators_builtin.go:164.2,165.13 2 1
github.com/MimoJanra/confkit/validators_builtin.go:165.13,167.3 1 0
github.com/MimoJanra/confkit/validators_builtin.go:168.2,169.9 2 1
github.com/MimoJanra/confkit/validators_builtin.go:169.9,179.3 1 1
github.com/MimoJanra/confkit/validators_builtin.go:180.2,180.21 1 1
github.com/MimoJanra/confkit/validators_builtin.go:183.114,185.25 2 1
github.com/MimoJanra/confkit/validators_builtin.go:186.78,187.21 1 1
github.com/MimoJanra/confkit/validators_builtin.go:188.83,190.25 2 1
github.com/MimoJanra/confkit/validators_builtin.go:190.25,200.4 1 0
github.com/MimoJanra/confkit/validators_builtin.go:201.3,201.16 1 1
github.com/MimoJanra/confkit/validators_builtin.go:202.22,205.17 3 1
github.com/MimoJanra/confkit/validators_builtin.go:205.17,215.4 1 1
github.com/MimoJanra/confkit/validators_builtin.go:216.10,217.22 1 0
github.com/MimoJanra/confkit/validators_builtin.go:219.2,220.9 2 1
github.com/MimoJanra/confkit/validators_builtin.go:220.9,230.3 1 1
github.com/MimoJanra/confkit/validators_builtin.go:231.2,231.21 1 1
github.com/MimoJanra/confkit/watcher.go:45.64,47.16 2 1
github.com/MimoJanra/confkit/watcher.go:47.16,49.3 1 1
github.com/MimoJanra/confkit/watcher.go:51.2,52.17 2 1
github.com/MimoJanra/confkit/watcher.go:52.17,54.3 1 0
github.com/MimoJanra/confkit/watcher.go:56.2,66.21 3 1
github.com/MimoJanra/confkit/watcher.go:69.69,73.2 3 1
github.com/MimoJanra/confkit/watcher.go:75.83,79.2 3 1
github.com/MimoJanra/confkit/watcher.go:81.34,83.2 1 1
github.com/MimoJanra/confkit/watcher.go:85.33,86.20 1 1
github.com/MimoJanra/confkit/watcher.go:86.20,89.3 2 1
github.com/MimoJanra/confkit/watcher.go:92.66,93.19 1 1
github.com/MimoJanra/confkit/watcher.go:93.19,95.3 1 0
github.com/MimoJanra/confkit/watcher.go:96.2,96.33 1 1
github.com/MimoJanra/confkit/watcher.go:99.34,111.6 9 1
github.com/MimoJanra/confkit/watcher.go:111.6,112.10 1 1
github.com/MimoJanra/confkit/watcher.go:113.22,114.10 1 1
github.com/MimoJanra/confkit/watcher.go:115.19,117.39 2 1
github.com/MimoJanra/confkit/watcher.go:117.39,124.13 7 0
github.com/MimoJanra/confkit/watcher.go:127.4,128.18 2 1
github.com/MimoJanra/confkit/watcher.go:128.18,132.13 4 0
github.com/MimoJanra/confkit/watcher.go:135.4,135.44 1 1
github.com/MimoJanra/confkit/watcher.go:135.44,140.5 4 1
github.com/MimoJanra/confkit/watcher.go:145.99,151.34 5 1
github.com/MimoJanra/confkit/watcher.go:151.34,153.3 1 0
github.com/MimoJanra/confkit/watcher.go:154.2,156.32 3 1
github.com/MimoJanra/confkit/watcher.go:159.73,165.37 5 1
github.com/MimoJanra/confkit/watcher.go:165.37,167.3 1 1
github.com/MimoJanra/confkit/watcher.go:170.110,176.37 5 1
github.com/MimoJanra/confkit/watcher.go:176.37,178.3 1 1
github.com/MimoJanra/confkit/watcher.go:181.62,183.16 2 1
github.com/MimoJanra/confkit/watcher.go:183.16,185.3 1 0
github.com/MimoJanra/confkit/watcher.go:186.2,187.45 2 1
github.com/MimoJanra/confkit/watcher.go:188.15,189.33 1 1
github.com/MimoJanra/confkit/watcher.go:190.15,191.33 1 0
github.com/MimoJanra/confkit/watcher.go:192.10,193.33 1 1
github.com/MimoJanra/confkit/watcher.go:195.2,195.16 1 1
github.com/MimoJanra/confkit/watcher.go:195.16,197.3 1 0
github.com/MimoJanra/confkit/watcher.go:198.2,198.34 1 1
github.com/MimoJanra/confkit/watcher.go:201.68,203.22 2 1
github.com/MimoJanra/confkit/watcher.go:203.22,205.19 2 1
github.com/MimoJanra/confkit/watcher.go:205.19,207.4 1 1
github.com/MimoJanra/confkit/watcher.go:208.3,208.43 1 1
github.com/MimoJanra/confkit/watcher.go:208.43,209.51 1 1
github.com/MimoJanra/confkit/watcher.go:209.51,211.5 1 1
github.com/MimoJanra/confkit/watcher.go:212.9,214.4 1 1
github.com/MimoJanra/confkit/watcher.go:216.2,216.15 1 1
github.com/MimoJanra/confkit/watcher.go:219.64,221.29 2 1
github.com/MimoJanra/confkit/watcher.go:221.29,222.40 1 1
github.com/MimoJanra/confkit/watcher.go:222.40,224.4 1 1
github.com/MimoJanra/confkit/watcher.go:224.9,224.60 1 1
github.com/MimoJanra/confkit/watcher.go:224.60,226.4 1 1
github.com/MimoJanra/confkit/watcher.go:228.2,228.25 1 1
github.com/MimoJanra/confkit/watcher.go:228.25,229.39 1 1
github.com/MimoJanra/confkit/watcher.go:229.39,231.4 1 1
github.com/MimoJanra/confkit/watcher.go:233.2,236.14 4 1
github.com/MimoJanra/confkit/yaml_source.go:15.35,17.16 2 1
github.com/MimoJanra/confkit/yaml_source.go:17.16,19.3 1 1
github.com/MimoJanra/confkit/yaml_source.go:20.2,20.15 1 1
github.com/MimoJanra/confkit/yaml_source.go:23.43,25.16 2 1
github.com/MimoJanra/confkit/yaml_source.go:25.16,27.73 2 1
github.com/MimoJanra/confkit/yaml_source.go:27.73,29.4 1 1
github.com/MimoJanra/confkit/yaml_source.go:30.3,30.32 1 0
github.com/MimoJanra/confkit/yaml_source.go:32.2,32.15 1 1
github.com/MimoJanra/confkit/yaml_source.go:40.54,43.16 3 1
github.com/MimoJanra/confkit/yaml_source.go:43.16,45.3 1 1
github.com/MimoJanra/confkit/yaml_source.go:46.2,46.54 1 1
github.com/MimoJanra/confkit/yaml_source.go:46.54,48.3 1 0
github.com/MimoJanra/confkit/yaml_source.go:49.2,49.19 1 1
github.com/MimoJanra/confkit/yaml_source.go:49.19,51.3 1 0
github.com/MimoJanra/confkit/yaml_source.go:52.2,52.15 1 1
github.com/MimoJanra/confkit/yaml_source.go:55.42,55.59 1 1
github.com/MimoJanra/confkit/yaml_source.go:56.42,56.59 1 1
github.com/MimoJanra/confkit/yaml_source.go:58.85,60.19 2 1
github.com/MimoJanra/confkit/yaml_source.go:60.19,62.3 1 1
github.com/MimoJanra/confkit/yaml_source.go:63.2,63.19 1 1
github.com/MimoJanra/confkit/yaml_source.go:63.19,65.9 2 1
github.com/MimoJanra/confkit/yaml_source.go:65.9,67.4 1 1
github.com/MimoJanra/confkit/yaml_source.go:70.2,72.9 3 1
github.com/MimoJanra/confkit/yaml_source.go:72.9,74.3 1 1
github.com/MimoJanra/confkit/yaml_source.go:75.2,75.25 1 1
github.com/MimoJanra/confkit/yaml_source.go:78.134,82.36 3 1
github.com/MimoJanra/confkit/yaml_source.go:82.36,85.10 3 1
github.com/MimoJanra/confkit/yaml_source.go:85.10,87.4 1 0
github.com/MimoJanra/confkit/yaml_source.go:88.3,89.10 2 1
github.com/MimoJanra/confkit/yaml_source.go:89.10,91.4 1 0
github.com/MimoJanra/confkit/yaml_source.go:94.2,94.43 1 1
github.com/MimoJanra/confkit/yaml_source.go:94.43,95.36 1 1
github.com/MimoJanra/confkit/yaml_source.go:95.36,97.4 1 1
github.com/MimoJanra/confkit/yaml_source.go:99.2,99.19 1 1
github.com/MimoJanra/confkit/yaml_source.go:102.105,103.54 1 1
github.com/MimoJanra/confkit/yaml_source.go:103.54,105.3 1 0
github.com/MimoJanra/confkit/yaml_source.go:106.2,108.53 3 1
github.com/MimoJanra/confkit/yaml_source.go:108.53,109.24 1 1
github.com/MimoJanra/confkit/yaml_source.go:109.24,111.4 1 1
github.com/MimoJanra/confkit/yaml_source.go:113.2,113.26 1 1
github.com/MimoJanra/confkit/yaml_source.go:113.26,114.28 1 1
github.com/MimoJanra/confkit/yaml_source.go:114.28,116.4 1 1
github.com/MimoJanra/confkit/yaml_source.go:118.2,118.40 1 1
